I/TZ: client_server_communication(  737): IClientServer::~IClientServer()
I/TZ_CCM_SERVER(  845): BnCCM::onTransact(0) 16
I/TZ_CCM_SERVER(  845): OPENSWCONN
I/TZ_CCM_SERVER(  845): creating new ccm context...
I/TZ_CCM_SERVER(  845): initializing ccm context...
I/TZ_CCM_SERVER(  845): root = /firmware/image, root_strlen = 15
I/TZ_CCM_SERVER(  845): process = tz_ccm, process_strlen = 6
I/TZ: qc_tlc_communication(  845): root = /firmware/image, root_len = 15
I/TZ: qc_tlc_communication(  845): process = tz_ccm, process_strlen = 6
I/TZ: qc_tlc_communication(  845): aligned max_sendmsg_size = 19456 = 0x4c00
I/TZ: qc_tlc_communication(  845): aligned max_recvmsg_size = 19456 = 0x4c00
I/TZ: qc_tlc_communication(  845): max_message_size = 38912 = 0x9800
D/QSEECOMAPI: (  845): QSEECom_get_handle sb_length = 0x9800
D/QSEECOMAPI: (  845): App is not loaded in QSEE
D/TimaService(  737): TIMA3: in ccmRegisterForDefaultCertificate
D/TimaService(  737): TIMA: in getTimaVersion
D/QSEECOMAPI: (  845): Loaded image: APP id = 5
I/TZ: qc_tlc_communication(  845): TIMA: path = /firmware/image, fname = tz_ccm, tzapp is loaded
I/TZ: client_server_communication(  737): OpenSWConn(CCM) is successful
I/TZ: client_server_communication(  737): Client_Server_Open succeeded, serverName = CCM
I/TZ_CCM_C_Initialize: (  737): ctx = 0x6307f5b8, comm = 0x62d79098, sendmsg = 0x665c2008, recvmsg = 0x665c6c08
I/TZ_init: (  737): TZ_init: sending initialization request...
I/TZ: client_server_communication(  737): Cmd id = 2, len = 19456
I/TZ: client_server_communication(  737): Calling Communicate()
I/TZ_CCM_SERVER(  845): BnCCM::onTransact(2) 16
I/TZ_CCM_SERVER(  845): COMM
I/TZ_init: (  737): TZ_init: successful initialization
I/TLC_TZ_COMMON: key_db_init: (  737): Exercising TZ_DB_INIT in TLC
I/TZ: client_server_communication(  737): Cmd id = 17, len = 19456
I/TZ: client_server_communication(  737): Calling Communicate()
I/TZ_CCM_SERVER(  845): BnCCM::onTransact(2) 16
I/TZ_CCM_SERVER(  845): COMM
I/TZ_COMMON: tlc_key_db_util: (  737): DB Operation suceeded
I/TLC_TZ_CCM: register for default cert: (  737): Exercising TZ_CCM_register_default_TLC
I/TZ: client_server_communication(  737): Cmd id = 25, len = 19456
I/TZ: client_server_communication(  737): Calling Communicate()
I/TZ_CCM_SERVER(  845): BnCCM::onTransact(2) 16
I/TZ_CCM_SERVER(  845): COMM
I/TLC_TZ_CCM: register for default cert: (  737): TZ_CCM_register_default_TLC_END: DB file size to update is 0
I/TLC_TZ_CCM: register for default cert: (  737): TZ_CCM_register_default_TLC: Slot ID 0 allocated for cid: 0
I/TZ_CCM_C_Finalize: (  737): DEBUG_CONTAINER_PROBLEM Exercising TZ_CCM_C_Finalize_TLC
I/TZ: client_server_communication(  737): Cmd id = 41, len = 19456
I/TZ: client_server_communication(  737): Calling Communicate()
I/TZ_CCM_SERVER(  845): BnCCM::onTransact(2) 16
I/TZ_CCM_SERVER(  845): COMM
I/TZ: client_server_communication(  737): Client_Server_Close was called
I/TZ_CCM_SERVER(  845): BnCCM::onTransact(1) 16
I/TZ_CCM_SERVER(  845): CLOSESWCONN
D/QSEECOMAPI: (  845): QSEECom_dealloc_memory 
D/QSEECOMAPI: (  845): QSEECom_shutdown_app, app_id = 5
I/TZ: client_server_communication(  737): Client_Server_Close succeeded
D/UMC:CloudMDMSecurity(29980): ccmRegisterForDefaultCertificate: 0
D/UMC:CloudMDMSecurity(29980): TIMA service call for password change success!!
D/UMC:AdminManager(29980): init - start
D/UMC:AdminManager(29980): loadAdmins
D/UMC:AdminManager(29980): startPolicyHandlers
I/UMC:TestPolicyHandler(29980): Setup is called in testpolicyhandler
D/UMC:AdminManager(29980): init - end
V/UMC:AlarmHandler(29980): Enter loadList
D/dalvikvm(29976): Note: class Landroid/app/ActivityManagerNative; has 184 unimplemented (abstract) methods
D/GSLBManager(29980): migrateStoredUrlFromOldPref
D/GSLBManager(29980): migrateStoredUrlFromOldPref : Migration Not Needed
I/dalvikvm(29980): Could not find method com.sec.enterprise.knox.EnterpriseKnoxManager.createInstance, referenced from method com.sec.enterprise.knox.cloudmdm.smdms.policyinterface.UMCAdmin.setCCMProfile
W/dalvikvm(29980): VFY: unable to resolve static method 8884: Lcom/sec/enterprise/knox/EnterpriseKnoxManager;.createInstance (Landroid/app/enterprise/ContextInfo;)Lcom/sec/enterprise/knox/EnterpriseKnoxManager;
D/dalvikvm(29980): VFY: replacing opcode 0x71 at 0x001d
D/UMC:UMCAdmin(29980): deactivateUMCAdminIfNotRequired : -1
E/UMC:Utils(29980): Admin not found in package com.samsung.knoxpb.mdm
D/UMC:UMCAdmin(29980): deactivateUMCAdmin : -1
D/UMC:UMCAdmin(29980): isContainer : 0
W/LicenseLogService(  737): log() failed
D/dalvikvm(29980): Note: class Landroid/app/enterprise/IApplicationPolicy$Stub; has 153 unimplemented (abstract) methods
E/UMC:UMCAdmin(29980): No active admin owned by uid 10099
D/UMC:UMCAdmin(29980): isContainer : 0
D/UMC:UMCAdmin(29980): deactivateUMCAdmin - UMC App Admin deactivated
D/QuickStartReceiver(29980): Intent Action : android.intent.action.PACKAGE_REMOVED
D/QuickStartReceiver(29980): Intent Replacing : true
I/ActivityManager(  737): Killing 28591:com.android.chrome/u0a53 (adj 15): bgCount ##22
I/HomeSyncInstallReceiver( 1143): This pkg do not need BT addr. Do nothing
I/ConfigFetchService( 1206): PackageReceiver: Intent { act=android.intent.action.PACKAGE_ADDED dat=package:io.cordova.StatensVegvesen flg=0x4000010 cmp=com.google.android.gms/.config.ConfigFetchService$PackageReceiver (has extras) }
I/ConfigService( 1363): onCreate
I/ConfigService( 1363): onBind for Intent { act=com.google.android.gms.config.UPDATE pkg=com.google.android.gms } action com.google.android.gms.config.UPDATE
I/ConfigFetchService( 1206): onStartCommand Intent { act=android.intent.action.PACKAGE_ADDED dat=package:io.cordova.StatensVegvesen cmp=com.google.android.gms/.config.ConfigFetchService (has extras) }
I/ConfigService( 1363): onBind returning update interface
I/ConfigService( 1363): onBind for Intent { act=com.google.android.gms.config.START pkg=com.google.android.gms } action com.google.android.gms.config.START
I/ConfigService( 1363): onBind returning config service
I/ConfigFetchService( 1206): launchTask
D/AndroidRuntime(29976): Calling main entry com.android.commands.am.Am
I/ConfigFetchService( 1206): service connected
I/ConfigClient( 1206): service connected
D/PackageBroadcastService( 1206): Received broadcast action=android.intent.action.PACKAGE_ADDED and uri=io.cordova.StatensVegvesen
I/SELinux (30016): Function: selinux_android_load_priority [0], There is no sepolicy file.
I/SELinux (30016):  
I/SELinux (30016): Function: selinux_android_load_priority [1], There is no sepolicy version file.
I/SELinux (30016):  
I/SELinux (30016): Function: selinux_android_load_priority , priority is 3. priority version is VE=SEPF_SM-G530F_4.4.4_0033
I/SELinux (30016):  
I/SELinux (30016):  
E/dalvikvm(30016): >>>>> Normal User
E/dalvikvm(30016): >>>>> com.google.android.partnersetup [ userId:0 | appId:10011 ]
I/ActivityManager(  737): Start proc com.google.android.partnersetup for broadcast com.google.android.partnersetup/.RlzPingBroadcastReceiver: pid=30016 uid=10011 gids={50011, 3003}
D/TimaKeyStoreProvider(30016): in addTimaSignatureService
D/TimaKeyStoreProvider(30016): Cannot add TimaSignature Service, License check Failed
D/ActivityThread(30016): Added TimaKesytore provider
D/ActivityThread(30016): handleBindApplication:com.google.android.partnersetup
I/PeopleContactsSync( 1206): CP2 sync disabled
V/ApplicationPolicy(  737): isApplicationStateBlocked userId 0 pkgname io.cordova.StatensVegvesen
I/ActivityManager(  737): START u0 {act=android.intent.action.MAIN flg=0x10000000 cmp=io.cordova.StatensVegvesen/.CordovaApp} from pid 29976
D/CustomFrequencyManagerService(  737): acquireDVFSLockLocked : type : DVFS_MIN_LIMIT  frequency : 1190400  uid : 1000  pid : 737  pkgName : ACTIVITY_RESUME_BOOSTER@3
W/ActivityManager(  737): mDVFSHelper.acquire()
W/ActivityManager(  737): Permission Denial: getCurrentUser() from pid=30016, uid=10011 requires android.permission.INTERACT_ACROSS_USERS
I/SurfaceFlinger(  231): id=60 createSurf (1x1),1 flag=404, TtatensVegv
I/SELinux (30031): Function: selinux_android_load_priority [0], There is no sepolicy file.
I/SELinux (30031):  
I/SELinux (30031): Function: selinux_android_load_priority [1], There is no sepolicy version file.
I/SELinux (30031):  
I/SELinux (30031): Function: selinux_android_load_priority , priority is 3. priority version is VE=SEPF_SM-G530F_4.4.4_0033
I/SELinux (30031):  
I/SELinux (30031):  
E/dalvikvm(30031): >>>>> Normal User
E/dalvikvm(30031): >>>>> io.cordova.StatensVegvesen [ userId:0 | appId:10109 ]
D/dalvikvm(30031): Late-enabling CheckJNI
I/ActivityManager(  737): Start proc io.cordova.StatensVegvesen for activity io.cordova.StatensVegvesen/.CordovaApp: pid=30031 uid=10109 gids={50109, 3003, 1028, 1015}
D/TimaKeyStoreProvider(30031): in addTimaSignatureService
D/TimaKeyStoreProvider(30031): Cannot add TimaSignature Service, License check Failed
D/ActivityThread(30031): Added TimaKesytore provider
D/ActivityThread(30031): handleBindApplication:io.cordova.StatensVegvesen
W/ActivityThread(30031): Application io.cordova.StatensVegvesen can be debugged on port 8100...
W/ActivityManager(  737): Permission Denial: getCurrentUser() from pid=30031, uid=10109 requires android.permission.INTERACT_ACROSS_USERS
W/ApplicationPackageManager(30031): getCSCPackageItemText()
D/DisplayManager(30031): DisplayManager()
D/STATUSBAR-StatusBarManagerService(  737): manageDisableList what=0x0 pkg=WindowManager.LayoutParams
I/PCWCLIENTTRACE_PushUtil( 7335): SPPPushClient is installed : true
I/PCWCLIENTTRACE_PushUtil( 7335): sales region : global
I/PCWCLIENTTRACE_PushUtil( 7335): getPushTypeList : [SPP, GCM]
I/PCWCLIENTTRACE_SYSTEMReceiver( 7335): [onReceive] - android.intent.action.PACKAGE_ADDED
I/CordovaLog(30031): Changing log level to DEBUG(3)
D/CordovaActivity(30031): CordovaActivity.init()
W/ActivityManager(  737): Permission Denial: getCurrentUser() from pid=30031, uid=10109 requires android.permission.INTERACT_ACROSS_USERS
V/WebViewChromiumFactoryProvider(30031): Binding Chromium to main looper Looper (main, tid 1) {41e84bd0}
I/LibraryLoader(30031): Expected native library version number "",actual native library version number ""
I/chromium(30031): [INFO:library_loader_hooks.cc(116)] Chromium logging enabled: level = 0, default verbosity = 0
W/AlarmManager(  737): Set alarm: type= 0 triggerAtTime= 1424782048145 , called by : com.android.vending, intent:Intent { cmp=com.android.vending/com.google.android.finsky.services.ContentSyncService }
V/AlarmManager(  737): AlarmManager_setLocked to type=2 curELAPSED = 5837632 as =5855 ans=316000000
V/AlarmManager(  737): AlarmManager_setLocked to type=2 curELAPSED = 5837636 as =5852 ans=627000000
I/BrowserStartupController(30031): Initializing chromium process, renderers=0
I/SELinux (30049): Function: selinux_android_load_priority [0], There is no sepolicy file.
I/SELinux (30049):  
I/SELinux (30049): Function: selinux_android_load_priority [1], There is no sepolicy version file.
I/SELinux (30049):  
I/SELinux (30049): Function: selinux_android_load_priority , priority is 3. priority version is VE=SEPF_SM-G530F_4.4.4_0033
I/SELinux (30049):  
I/SELinux (30049):  
E/dalvikvm(30049): >>>>> Normal User
E/dalvikvm(30049): >>>>> com.policydm [ userId:0 | appId:1000 ]
I/ActivityManager(  737): Start proc com.policydm for broadcast com.policydm/.XSPPReceiver: pid=30049 uid=1000 gids={41000, 3003, 3002, 3001, 1028, 1015, 1023, 1007, 2001, 1001, 1021, 3004, 3005, 1000, 3009, 1010, 1024}
W/ApplicationPackageManager(30031): getCSCPackageItemText()
D/TimaKeyStoreProvider(30049): in addTimaSignatureService
I/Adreno-EGL(30031): <qeglDrvAPI_eglInitialize:410>: EGL 1.4 QUALCOMM build:  ()
I/Adreno-EGL(30031): OpenGL ES Shader Compiler Version: E031.24.02.07
I/Adreno-EGL(30031): Build Date: 08/06/14 Wed
I/Adreno-EGL(30031): Local Branch: rb1
I/Adreno-EGL(30031): Remote Branch: 
I/Adreno-EGL(30031): Local Patches: 
I/Adreno-EGL(30031): Reconstruct Branch: 
D/TimaKeyStoreProvider(30049): Cannot add TimaSignature Service, License check Failed
D/ActivityThread(30049): Added TimaKesytore provider
D/dalvikvm(  232): GC_EXPLICIT freed 45K, 60% free 6662K/16484K, paused 2ms+3ms, total 22ms
D/ActivityThread(30049): handleBindApplication:com.policydm
D/dalvikvm(  232): GC_EXPLICIT freed <1K, 60% free 6662K/16484K, paused 1ms+2ms, total 17ms
D/dalvikvm(  232): GC_EXPLICIT freed <1K, 60% free 6662K/16484K, paused 1ms+2ms, total 17ms
W/chromium(30031): [WARNING:proxy_service.cc(890)] PAC support disabled because there is no system implementation
D/CordovaWebView(30031): CordovaWebView is running on device made by: samsung
D/CordovaActivity(30031): CordovaActivity.createViews()
I/SA      ( 7389): [PMR] Received action : android.intent.action.PACKAGE_ADDED
D/CordovaWebView(30031): >>> loadUrl(file:///android_asset/www/index.html)
D/PluginManager(30031): init()
I/SA      ( 7389): [SUR] onReceive log=[SA = 2.1.0020 V = 19 HWD = 960X540 1.5 dpi = 240  SIZE = 2 LOCALE = en_GB CSC = THL MCC = 0 MNC 0 T = user DEVICE = fortunalte P = fortunaltedx I = KTU84P M = SM-G530F OKLEFT false DIS KTU84P.G530FXXU1AOA2 PSS = 4.978883785793901  ]
I/SA      ( 7389): [SUR] onReceive Intent=[ action.PACKAGE_ADDED. package extra.UID.:10109 extra.REPLACING.:true extra.user_handle.:0 ]
E/cutils  (  218): Failed to mkdirat(/storage/extSdCard/Android): Read-only file system
I/ActivityManager(  737): Killing 7621:com.google.android.apps.magazines/u0a72 (adj 15): bgCount ##22
W/Vold    (  218): Returning OperationFailed - no handler for errno 30
W/ContextImpl(30031): Failed to ensure directory: /storage/extSdCard/Android/data/io.cordova.StatensVegvesen/files
E/cutils  (  218): Failed to mkdirat(/storage/extSdCard/Android): Read-only file system
W/ContextImpl(30031): Failed to ensure directory: /storage/extSdCard/Android/data/io.cordova.StatensVegvesen/cache
D/CordovaWebView(30031): >>> loadUrlNow()
W/Vold    (  218): Returning OperationFailed - no handler for errno 30
D/CordovaActivity(30031): Resuming the App
D/PhoneStatusBar(  935): setSemiTransparentMode=false, mTransparentMode=false, mSemiTransparentMode=false, mMultiWindowMode=
D/StatusBarManagerService(  737): semi p:30031,o:f
I/SurfaceFlinger(  231): id=61 createSurf (1x1),1 flag=4, DordovaApp
I/IcingCorporaProvider( 2398): Updating corpora: APPS=io.cordova.StatensVegvesen, CONTACTS=MAYBE
D/OpenGLRenderer(30031): Enabling debug mode 0
D/SoftKeyboardDetect(30031): Ignore this event
I/SurfaceFlinger(  231): id=62 createSurf (540x960),1 flag=404, DordovaApp
D/SamsungIME( 1096): Dismiss ExpandCandiate
W/ApplicationPackageManager( 2398): getCSCPackageItemText()
I/IcingCorporaProvider( 2398): UpdateCorporaTask done [took 76 ms] updated apps [took 76 ms] 
D/SoftKeyboardDetect(30031): Ignore this event
I/Timeline(30031): Timeline: Activity_idle id: android.os.BinderProxy@41e86068 time:5837884
I/ActivityManager(  737): Displayed io.cordova.StatensVegvesen/.CordovaApp: +325ms
D/AndroidRuntime(29976): Shutting down VM
D/dalvikvm(29976): GC_CONCURRENT freed 148K, 20% free 651K/804K, paused 1ms+0ms, total 3ms
D/SSRMv2:SIOP(  737): SIOP:: AP = 350, Delta = 10
D/PackageBroadcastService( 1206): Received broadcast action=android.intent.action.PACKAGE_REPLACED and uri=io.cordova.StatensVegvesen
D/CordovaWebViewClient(30031): onPageStarted(file:///android_asset/www/index.html)
D/CordovaActivity(30031): onMessage(onPageStarted,file:///android_asset/www/index.html)
I/PeopleContactsSync( 1206): CP2 sync disabled
I/Timeline(  737): Timeline: Activity_windows_visible id: ActivityRecord{429ab438 u0 io.cordova.StatensVegvesen/.CordovaApp t7} time:5837932
I/SurfaceFlinger(  231): id=59 Removed Tettings (5/10)
I/SurfaceFlinger(  231): id=59 Removed Tettings (-2/10)
I/PCWCLIENTTRACE_PushUtil( 7335): SPPPushClient is installed : true
I/PCWCLIENTTRACE_PushUtil( 7335): sales region : global
I/PCWCLIENTTRACE_PushUtil( 7335): getPushTypeList : [SPP, GCM]
I/PCWCLIENTTRACE_SYSTEMReceiver( 7335): [onReceive] - android.intent.action.PACKAGE_REPLACED
D/PCWCLIENTTRACE_SYSTEMReceiver( 7335): ACTION_PACKAGE_REPLACED_START
D/CustomFrequencyManagerService(  737): releaseDVFSLockLocked : Getting Lock type frm List : DVFS_MIN_LIMIT  frequency : 1190400  uid : 1000  pid : 737  tag : ACTIVITY_RESUME_BOOSTER@3
W/ActivityManager(  737): mDVFSHelper.release()
D/CustomFrequencyManagerService(  737): acquireDVFSLockLocked : type : DVFS_MIN_LIMIT  frequency : 1190400  uid : 1000  pid : 737  pkgName : ACTIVITY_RESUME_BOOSTER@6
I/SA      ( 7389): [PMR] Received action : android.intent.action.PACKAGE_REPLACED
I/SA      ( 7389): [SUR] onReceive log=[SA = 2.1.0020 V = 19 HWD = 960X540 1.5 dpi = 240  SIZE = 2 LOCALE = en_GB CSC = THL MCC = 0 MNC 0 T = user DEVICE = fortunalte P = fortunaltedx I = KTU84P M = SM-G530F OKLEFT false DIS KTU84P.G530FXXU1AOA2 PSS = 4.978883785793901  ]
I/SA      ( 7389): [SUR] onReceive Intent=[ action_PACKAGE_REPLACED package extra.UID.:10109 extra.REPLACING.:true extra.user_handle.:0 ]
I/SELinux (30104): Function: selinux_android_load_priority [0], There is no sepolicy file.
I/SELinux (30104):  
I/SELinux (30104): Function: selinux_android_load_priority [1], There is no sepolicy version file.
I/SELinux (30104):  
I/SELinux (30104): Function: selinux_android_load_priority , priority is 3. priority version is VE=SEPF_SM-G530F_4.4.4_0033
I/SELinux (30104):  
I/SELinux (30104):  
E/dalvikvm(30104): >>>>> Normal User
E/dalvikvm(30104): >>>>> com.google.android.apps.magazines [ userId:0 | appId:10072 ]
I/ActivityManager(  737): Start proc com.google.android.apps.magazines for broadcast com.google.android.apps.magazines/com.google.apps.dots.android.app.receiver.FirstInstallNotificationReceiver: pid=30104 uid=10072 gids={50072, 3003, 1028, 1015}
D/TimaKeyStoreProvider(30104): in addTimaSignatureService
W/AlarmManager(  737): Set alarm: type= 0 triggerAtTime= 1425381981309 , called by : com.policydm, intent:Intent { act=com.policydm.intent.action.POLLING_TIME }
D/TimaKeyStoreProvider(30104): Cannot add TimaSignature Service, License check Failed
D/ActivityThread(30104): Added TimaKesytore provider
D/ActivityThread(30104): handleBindApplication:com.google.android.apps.magazines
W/GAV2    (30104): Thread[main,5,main]: Need to call initialize() and be in fallback mode to start dispatch.
I/SurfaceFlinger(  231): id=60 Removed TtatensVegv (8/9)
I/SurfaceFlinger(  231): id=60 Removed TtatensVegv (-2/9)
W/AlarmManager(  737): Set alarm: type= 0 triggerAtTime= 1425237861937 , called by : com.policydm, intent:Intent { act=com.policydm.intent.action.POLLING_REPORTTIME }
E/cutils  (  218): Failed to mkdirat(/storage/extSdCard/Android): Read-only file system
W/ContextImpl(30104): Failed to ensure directory: /storage/extSdCard/Android/data/com.google.android.apps.magazines/cache
E/cutils  (  218): Failed to mkdirat(/storage/extSdCard/Android): Read-only file system
W/ContextImpl(30104): Failed to ensure directory: /storage/extSdCard/Android/data/com.google.android.apps.magazines/files
W/Vold    (  218): Returning OperationFailed - no handler for errno 30
W/Vold    (  218): Returning OperationFailed - no handler for errno 30
E/cutils  (  218): Failed to mkdirat(/storage/extSdCard/Android): Read-only file system
W/ContextImpl(30104): Failed to ensure directory: /storage/extSdCard/Android/data/com.google.android.apps.magazines/cache
W/Vold    (  218): Returning OperationFailed - no handler for errno 30
E/cutils  (  218): Failed to mkdirat(/storage/extSdCard/Android): Read-only file system
W/ContextImpl(30104): Failed to ensure directory: /storage/extSdCard/Android/data/com.google.android.apps.magazines/files
W/Vold    (  218): Returning OperationFailed - no handler for errno 30
D/JsMessageQueue(30031): Set native->JS mode to OnlineEventsBridgeMode
D/DisplayManager(30104): DisplayManager()
V/WebViewChromiumFactoryProvider(30104): Binding Chromium to main looper Looper (main, tid 1) {41e7b490}
I/LibraryLoader(30104): Expected native library version number "",actual native library version number ""
I/chromium(30104): [INFO:library_loader_hooks.cc(116)] Chromium logging enabled: level = 0, default verbosity = 0
I/BrowserStartupController(30104): Initializing chromium process, renderers=0
W/ApplicationPackageManager(30104): getCSCPackageItemText()
I/Adreno-EGL(30104): <qeglDrvAPI_eglInitialize:410>: EGL 1.4 QUALCOMM build:  ()
I/Adreno-EGL(30104): OpenGL ES Shader Compiler Version: E031.24.02.07
I/Adreno-EGL(30104): Build Date: 08/06/14 Wed
I/Adreno-EGL(30104): Local Branch: rb1
I/Adreno-EGL(30104): Remote Branch: 
I/Adreno-EGL(30104): Local Patches: 
I/Adreno-EGL(30104): Reconstruct Branch: 
D/CustomFrequencyManagerService(  737): releaseDVFSLockLocked : Getting Lock type frm List : DVFS_MIN_LIMIT  frequency : 1190400  uid : 1000  pid : 737  tag : ACTIVITY_RESUME_BOOSTER@6
I/NSApplication(30104): Starting up...
W/ActivityManager(  737): Permission Denial: getCurrentUser() from pid=30104, uid=10072 requires android.permission.INTERACT_ACROSS_USERS
I/ActivityManager(  737): Killing 28604:com.android.email/u0a93 (adj 15): bgCount ##22
D/CordovaLog(30031): file:///android_asset/www/scripts/framework/angular.js: Line 11607 : ReferenceError: LocalFileSystem is not defined
D/CordovaLog(30031):     at readFile (file:///android_asset/www/services/fileService.js:19:38)
D/CordovaLog(30031):     at Object.readSettingsFile (file:///android_asset/www/services/fileService.js:14:20)
D/CordovaLog(30031):     at new <anonymous> (file:///android_asset/www/controllers/mainController.js:8:32)
D/CordovaLog(30031):     at Object.invoke (file:///android_asset/www/scripts/framework/angular.js:4185:17)
D/CordovaLog(30031):     at extend.instance (file:///android_asset/www/scripts/framework/angular.js:8454:21)
D/CordovaLog(30031):     at file:///android_asset/www/scripts/framework/angular.js:7700:13
D/CordovaLog(30031):     at forEach (file:///android_asset/www/scripts/framework/angular.js:331:20)
D/CordovaLog(30031):     at nodeLinkFn (file:///android_asset/www/scripts/framework/angular.js:7699:11)
D/CordovaLog(30031):     at compositeLinkFn (file:///android_asset/www/scripts/framework/angular.js:7078:13)
D/CordovaLog(30031):     at compositeLinkFn (file:///android_asset/www/scripts/framework/angular.js:7081:13)
I/chromium(30031): [INFO:CONSOLE(11607)] "ReferenceError: LocalFileSystem is not defined
I/chromium(30031):     at readFile (file:///android_asset/www/services/fileService.js:19:38)
I/chromium(30031):     at Object.readSettingsFile (file:///android_asset/www/services/fileService.js:14:20)
I/chromium(30031):     at new <anonymous> (file:///android_asset/www/controllers/mainController.js:8:32)
I/chromium(30031):     at Object.invoke (file:///android_asset/www/scripts/framework/angular.js:4185:17)
I/chromium(30031):     at extend.instance (file:///android_asset/www/scripts/framework/angular.js:8454:21)
I/chromium(30031):     at file:///android_asset/www/scripts/framework/angular.js:7700:13
I/chromium(30031):     at forEach (file:///android_asset/www/scripts/framework/angular.js:331:20)
I/chromium(30031):     at nodeLinkFn (file:///android_asset/www/scripts/framework/angular.js:7699:11)
I/chromium(30031):     at compositeLinkFn (file:///android_asset/www/scripts/framework/angular.js:7078:13)
I/chromium(30031):     at compositeLinkFn (file:///android_asset/www/scripts/framework/angular.js:7081:13)", source: file:///android_asset/www/scripts/framework/angular.js (11607)
D/CordovaActivity(30031): onMessage(spinner,stop)
E/cutils  (  218): Failed to mkdirat(/storage/extSdCard/Android): Read-only file system
W/ContextImpl(30031): Failed to ensure directory: /storage/extSdCard/Android/data/io.cordova.StatensVegvesen/files
E/cutils  (  218): Failed to mkdirat(/storage/extSdCard/Android): Read-only file system
W/ContextImpl(30031): Failed to ensure directory: /storage/extSdCard/Android/data/io.cordova.StatensVegvesen/files
E/cutils  (  218): Failed to mkdirat(/storage/extSdCard/Android): Read-only file system
W/ContextImpl(30031): Failed to ensure directory: /storage/extSdCard/Android/data/io.cordova.StatensVegvesen/cache
W/Vold    (  218): Returning OperationFailed - no handler for errno 30
W/Vold    (  218): Returning OperationFailed - no handler for errno 30
W/Vold    (  218): Returning OperationFailed - no handler for errno 30
D/CordovaWebViewClient(30031): onPageFinished(file:///android_asset/www/index.html)
D/CordovaActivity(30031): onMessage(onPageFinished,file:///android_asset/www/index.html)
D/STATUSBAR-NetworkController(  935): refreshSignalCluster: data=-1 bt=false
D/CustomFrequencyManagerService(  737): releaseDVFSLockLocked : Getting Lock type frm List : DVFS_MIN_LIMIT  frequency : 1190400  uid : 10028  pid : 29904  tag : com.sec.android.gallery3d@1
D/SoftKeyboardDetect(30031): Ignore this event
D/PowerManagerService(  737): [api] acquire WakeLock flags=0x2000000a tag=WindowManager uid=1000 pid=737
D/STATUSBAR-NetworkController(  935): onSignalStrengthsChanged signalStrength=SignalStrength: 14 -1 -1 -1 -1 -1 -1 99 2147483647 2147483647 2147483647 -1 2147483647 gsm|lte 0x4 level=4
W/AlarmManager(  737): Set alarm: type= 2 triggerAtTime= 5855316 , called by : com.google.android.gms, intent:Intent { act=com.google.android.gms.nlp.ALARM_WAKEUP_LOCATOR }
E/SMD     (  243): DCD OFF
I/SurfaceFlinger(  231): id=61 Removed DordovaApp (6/8)
I/SurfaceFlinger(  231): id=61 Removed DordovaApp (-2/8)
D/SamsungIME( 1096): Dismiss ExpandCandiate
E/ViewRootImpl(30031): sendUserActionEvent() mView == null
W/GAV2    (29940): Thread[main,5,main]: dispatch call queued.  Need to call GAServiceManager.getInstance().initialize().
I/ActivityManager(  737): Killing 28622:com.sec.android.provider.badge/u0a47 (adj 15): bgCount ##22
I/GAV2    (29940): Thread[GAThread,5,main]: No campaign data found.
D/STATUSBAR-NetworkController(  935): refreshSignalCluster: data=-1 bt=false
D/STATUSBAR-NetworkController(  935): onSignalStrengthsChanged signalStrength=SignalStrength: 14 -1 -1 -1 -1 -1 -1 99 2147483647 2147483647 2147483647 -1 2147483647 gsm|lte 0x4 level=4
W/AlarmManager(  737): Set alarm: type= 2 triggerAtTime= 5855316 , called by : com.google.android.gms, intent:Intent { act=com.google.android.gms.nlp.ALARM_WAKEUP_LOCATOR }
D/STATUSBAR-NetworkController(  935): refreshSignalCluster: data=-1 bt=false
E/SMD     (  243): DCD OFF
I/GAV2    (30104): Thread[GAThread,5,main]: No campaign data found.
D/dalvikvm(  737): GC_CONCURRENT freed 2583K, 27% free 18528K/25212K, paused 18ms+9ms, total 187ms
D/PackageManager(  737): [MSG] CHECK_PENDING_VERIFICATION
D/PackageManager(  737): [MSG] CHECK_PENDING_VERIFICATION
E/SMD     (  243): DCD OFF
D/KeyguardUpdateMonitor(  935): received broadcast android.intent.action.BATTERY_CHANGED
D/KeyguardUpdateMonitor(  935): handleBatteryUpdate
D/BatteryService(  737): level:100, scale:100, status:5, health:2, present:true, voltage: 4331, temperature: 298, technology: Li-ion, AC powered:false, USB powered:true, Wireless powered:false, icon:17303000, invalid charger:0, online:4, current avg:0, charge type:1, power sharing:false, high voltage charger:false
D/BatteryService(  737): Sending ACTION_BATTERY_CHANGED.
W/AlarmManager(  737): Set alarm: type= 2 triggerAtTime= 12007968 , called by : com.google.android.gms, intent:Intent { act=com.google.android.gms.nlp.ALARM_WAKEUP_BURST_COLLECTION_TRIGGER }
D/STATUSBAR-PhoneStatusBar(  935):  mBrightnessEnablebySettings = true mBrightnessEnablebyBattery = true mBrightnessEnablebyDisableFlag = true mPmsBrightnessEnablebySettings = true
D/BatteryMeterView(  935): ACTION_BATTERY_CHANGED : level:100 status:5 health:2
